// Jest Snapshot v1, https://goo.gl/fbAQLP

exports[`testing the loading indicator 1`] = `
<View
  style={
    Object {
      "alignItems": "center",
      "bottom": 0,
      "flex": 0.5,
      "justifyContent": "center",
      "left": 0,
      "position": "absolute",
      "right": 0,
      "top": 100,
    }
  }
>
  <ActivityIndicator
    color="#ffffff"
    size="large"
  />
</View>
`;
